{
    "octokit: 1.1.0": {
        "name": "octokit",
        "version": "1.1.0",
        "dependencies": {
            "@octokit/app: ^12.0.0": {
                "name": "@octokit/app",
                "version": "^12.0.0",
                "dependencies": {
                    "@octokit/app": "^10.0.1",
                    "@octokit/core": "^3.3.1"
                }
            },
            "@octokit/core: ^3.3.1": "visited"
        }
    }
}